// Jest Snapshot v1, https://goo.gl/fbAQLP

exports[`Snapshot test for the component 1`] = `
<div
  className="app"
>
  <div
    className="main"
  >
    <div
      className="container"
    >
      <div
        className="row"
      >
        <div
          className="col-xs-5 title-container"
        >
          <div>
            <h2
              className="title-container_title"
            >
              Weather App
            </h2>
            <p
              className="title-container_subtitle"
            >
              Helps you find weather conditions in cities
            </p>
          </div>
        </div>
        <div
          className="col-xs-7 form-container"
        >
          <form
            onSubmit={[Function]}
          >
            <input
              name="city"
              placeholder="City"
              type="text"
            />
            <input
              name="country"
              placeholder="Country"
              type="text"
            />
            <button
              className="submit"
            >
              Get Weather
            </button>
          </form>
          <div
            className="weather"
          />
        </div>
      </div>
    </div>
  </div>
</div>
`;
